// Jest Snapshot v1, https://goo.gl/fbAQLP

exports[`Beau's config Loader. should load the config 1`] = `
Beau {
  "config": Config {
    "COOKIEJAR": false,
    "DEFAULTS": Object {
      "headers": Object {
        "authentication": "hello",
      },
    },
    "ENDPOINT": "http://example.com",
    "ENVIRONMENT": Object {},
    "HOSTS": Array [],
    "PLUGINS": Plugins {
      "autoload": Array [
        "std",
      ],
      "context": Object {},
      "registry": Object {
        "dynamicValues": Array [],
        "postRequestModifiers": Array [],
        "preRequestModifiers": Array [],
      },
    },
    "REQUESTS": Array [],
    "VERSION": 1,
    "configKeys": Array [
      "VERSION",
      "ENDPOINT",
      "PLUGINS",
      "DEFAULTS",
      "ENVIRONMENT",
      "HOSTS",
      "COOKIEJAR",
    ],
  },
  "requests": RequestList {
    "PLUGINS": Plugins {
      "autoload": Array [
        "std",
      ],
      "context": Object {},
      "registry": Object {
        "dynamicValues": Array [],
        "postRequestModifiers": Array [],
        "preRequestModifiers": Array [],
      },
    },
    "REQUESTS": Array [],
    "cache": RequestCache {
      "$cache": Object {
        "env": Object {},
      },
    },
    "list": Array [],
  },
}
`;

exports[`Beau's config Loader. should load the request list using the configuration 1`] = `
RequestList {
  "PLUGINS": Plugins {
    "autoload": Array [
      "std",
    ],
    "context": Object {},
    "registry": Object {
      "dynamicValues": Array [],
      "postRequestModifiers": Array [],
      "preRequestModifiers": Array [],
    },
  },
  "REQUESTS": Array [
    Object {
      "ALIAS": "get-post",
      "COOKIEJAR": false,
      "ENDPOINT": "http://example.com",
      "REQUEST": "GET /posts/1",
    },
    Object {
      "ALIAS": "user",
      "COOKIEJAR": false,
      "ENDPOINT": "http://example.com",
      "HEADERS": Object {
        "hello": "world",
      },
      "REQUEST": "GET /user",
    },
  ],
  "cache": RequestCache {
    "$cache": Object {
      "env": Object {},
    },
  },
  "list": Array [
    Request {
      "ALIAS": "get-post",
      "COOKIEJAR": false,
      "DEPENDENCIES": Set {},
      "ENDPOINT": "http://example.com",
      "PATH": "/posts/1",
      "REQUEST": "GET /posts/1",
      "VERB": "GET",
      "originalRequest": Object {
        "ALIAS": "get-post",
        "COOKIEJAR": false,
        "ENDPOINT": "http://example.com",
        "REQUEST": "GET /posts/1",
      },
      "plugins": Plugins {
        "autoload": Array [
          "std",
        ],
        "context": Object {},
        "registry": Object {
          "dynamicValues": Array [],
          "postRequestModifiers": Array [],
          "preRequestModifiers": Array [],
        },
      },
    },
    Request {
      "ALIAS": "user",
      "COOKIEJAR": false,
      "DEPENDENCIES": Set {},
      "ENDPOINT": "http://example.com",
      "HEADERS": Object {
        "hello": "world",
      },
      "PATH": "/user",
      "REQUEST": "GET /user",
      "VERB": "GET",
      "originalRequest": Object {
        "ALIAS": "user",
        "COOKIEJAR": false,
        "ENDPOINT": "http://example.com",
        "HEADERS": Object {
          "hello": "world",
        },
        "REQUEST": "GET /user",
      },
      "plugins": Plugins {
        "autoload": Array [
          "std",
        ],
        "context": Object {},
        "registry": Object {
          "dynamicValues": Array [],
          "postRequestModifiers": Array [],
          "preRequestModifiers": Array [],
        },
      },
    },
  ],
}
`;
